// Jest Snapshot v1, https://goo.gl/fbAQLP

exports[`<MealsPlanModal /> should renders correct <MealsPlanModal /> 1`] = `
<GalleryModal
  gallery={
    Array [
      "image.jpg",
    ]
  }
  toggleModal={[MockFunction]}
>
  <div
    className="text-center md:text-left"
  >
    <h3
      className="mb-4 font-serif font-medium tracking-tight font-secondary"
      style={
        Object {
          "fontSize": "2rem",
        }
      }
    >
      Test title
    </h3>
    <div
      className="mb-5 text-quinary"
    >
      Test description
    </div>
    <h4
      className="mb-1 font-normal"
    >
      Includes:
    </h4>
    <ul
      className="mb-6 text-quinary md:mb-4"
    >
      <li
        key="Item 1"
      >
        Item 1
      </li>
      <li
        key="Item 2"
      >
        Item 2
      </li>
    </ul>
    <div
      className="mb-4 font-serif text-2xl font-normal text-black"
    >
      Starting at $
      10
      /serving*
    </div>
    <Button
      className="mb-3 w-full"
      onClick={[Function]}
    >
      View Meals
    </Button>
    <div
      className="text-quinary"
    >
      Test note
    </div>
  </div>
</GalleryModal>
`;
