// Jest Snapshot v1, https://goo.gl/fbAQLP

exports[`<ShopFirstSection /> should renders correct <ShopFirstSection /> 1`] = `
<ApolloProvider
  client={
    ApolloClient {
      "cache": InMemoryCache {
        "addTypename": false,
        "config": Object {
          "addTypename": false,
          "dataIdFromObject": [Function],
          "resultCaching": true,
          "typePolicies": Object {},
        },
        "data": Root {
          "canRead": [Function],
          "data": Object {},
          "getFieldValue": [Function],
          "group": CacheGroup {
            "caching": true,
            "d": [Function],
            "keyMaker": Trie {
              "makeData": [Function],
              "weakness": true,
            },
          },
          "policies": Policies {
            "cache": [Circular],
            "config": Object {
              "cache": [Circular],
              "dataIdFromObject": [Function],
              "possibleTypes": undefined,
              "typePolicies": Object {},
            },
            "fuzzySubtypes": Map {},
            "rootIdsByTypename": Object {
              "Mutation": "ROOT_MUTATION",
              "Query": "ROOT_QUERY",
              "Subscription": "ROOT_SUBSCRIPTION",
            },
            "rootTypenamesById": Object {
              "ROOT_MUTATION": "Mutation",
              "ROOT_QUERY": "Query",
              "ROOT_SUBSCRIPTION": "Subscription",
            },
            "supertypeMap": Map {},
            "toBeAdded": Object {},
            "typePolicies": Object {},
            "usingPossibleTypes": false,
          },
          "refs": Object {},
          "rootIds": Object {},
          "sharedLayerGroup": CacheGroup {
            "caching": true,
            "d": [Function],
            "keyMaker": Trie {
              "makeData": [Function],
              "weakness": true,
            },
          },
          "storageTrie": Trie {
            "makeData": [Function],
            "weakness": true,
          },
          "toReference": [Function],
        },
        "getFragmentDoc": [Function],
        "makeVar": [Function],
        "maybeBroadcastWatch": [Function],
        "optimisticData": Root {
          "canRead": [Function],
          "data": Object {},
          "getFieldValue": [Function],
          "group": CacheGroup {
            "caching": true,
            "d": [Function],
            "keyMaker": Trie {
              "makeData": [Function],
              "weakness": true,
            },
          },
          "policies": Policies {
            "cache": [Circular],
            "config": Object {
              "cache": [Circular],
              "dataIdFromObject": [Function],
              "possibleTypes": undefined,
              "typePolicies": Object {},
            },
            "fuzzySubtypes": Map {},
            "rootIdsByTypename": Object {
              "Mutation": "ROOT_MUTATION",
              "Query": "ROOT_QUERY",
              "Subscription": "ROOT_SUBSCRIPTION",
            },
            "rootTypenamesById": Object {
              "ROOT_MUTATION": "Mutation",
              "ROOT_QUERY": "Query",
              "ROOT_SUBSCRIPTION": "Subscription",
            },
            "supertypeMap": Map {},
            "toBeAdded": Object {},
            "typePolicies": Object {},
            "usingPossibleTypes": false,
          },
          "refs": Object {},
          "rootIds": Object {},
          "sharedLayerGroup": CacheGroup {
            "caching": true,
            "d": [Function],
            "keyMaker": Trie {
              "makeData": [Function],
              "weakness": true,
            },
          },
          "storageTrie": Trie {
            "makeData": [Function],
            "weakness": true,
          },
          "toReference": [Function],
        },
        "policies": Policies {
          "cache": [Circular],
          "config": Object {
            "cache": [Circular],
            "dataIdFromObject": [Function],
            "possibleTypes": undefined,
            "typePolicies": Object {},
          },
          "fuzzySubtypes": Map {},
          "rootIdsByTypename": Object {
            "Mutation": "ROOT_MUTATION",
            "Query": "ROOT_QUERY",
            "Subscription": "ROOT_SUBSCRIPTION",
          },
          "rootTypenamesById": Object {
            "ROOT_MUTATION": "Mutation",
            "ROOT_QUERY": "Query",
            "ROOT_SUBSCRIPTION": "Subscription",
          },
          "supertypeMap": Map {},
          "toBeAdded": Object {},
          "typePolicies": Object {},
          "usingPossibleTypes": false,
        },
        "storeReader": StoreReader {
          "config": Object {
            "addTypename": false,
            "cache": [Circular],
          },
          "executeSelectionSet": [Function],
          "executeSubSelectedArray": [Function],
          "knownResults": WeakMap {},
        },
        "storeWriter": StoreWriter {
          "cache": [Circular],
          "reader": StoreReader {
            "config": Object {
              "addTypename": false,
              "cache": [Circular],
            },
            "executeSelectionSet": [Function],
            "executeSubSelectedArray": [Function],
            "knownResults": WeakMap {},
          },
        },
        "txCount": 0,
        "typenameDocumentCache": Map {},
        "watchDep": [Function],
        "watches": Set {},
      },
      "clearStoreCallbacks": Array [],
      "defaultOptions": Object {},
      "disableNetworkFetches": false,
      "link": MockLink {
        "addTypename": false,
        "mockedResponsesByKey": Object {
          "{\\"query\\":\\"{\\\\n  products {\\\\n    id\\\\n    title\\\\n    image {\\\\n      url\\\\n    }\\\\n    price {\\\\n      price\\\\n      originalPrice: original_price\\\\n    }\\\\n    monthPrice: month_price {\\\\n      price\\\\n      originalPrice: original_price\\\\n    }\\\\n    includes {\\\\n      item\\\\n    }\\\\n    accessories {\\\\n      item\\\\n    }\\\\n    meta {\\\\n      name\\\\n      value\\\\n    }\\\\n    note\\\\n    rating {\\\\n      starRating: star_rating\\\\n      numberOfReviews: number_of_reviews\\\\n    }\\\\n    description\\\\n    recommended\\\\n    link\\\\n    gallery {\\\\n      url\\\\n    }\\\\n    smartMeals: smart_meals {\\\\n      status\\\\n      statusDescription: status_description\\\\n    }\\\\n  }\\\\n}\\\\n\\"}": Array [
            Object {
              "request": Object {
                "query": Object {
                  "definitions": Array [
                    Object {
                      "directives": Array [],
                      "kind": "OperationDefinition",
                      "name": undefined,
                      "operation": "query",
                      "selectionSet": Object {
                        "kind": "SelectionSet",
                        "selections": Array [
                          Object {
                            "alias": undefined,
                            "arguments": Array [],
                            "directives": Array [],
                            "kind": "Field",
                            "name": Object {
                              "kind": "Name",
                              "value": "products",
                            },
                            "selectionSet": Object {
                              "kind": "SelectionSet",
                              "selections": Array [
                                Object {
                                  "alias": undefined,
                                  "arguments": Array [],
                                  "directives": Array [],
                                  "kind": "Field",
                                  "name": Object {
                                    "kind": "Name",
                                    "value": "id",
                                  },
                                  "selectionSet": undefined,
                                },
                                Object {
                                  "alias": undefined,
                                  "arguments": Array [],
                                  "directives": Array [],
                                  "kind": "Field",
                                  "name": Object {
                                    "kind": "Name",
                                    "value": "title",
                                  },
                                  "selectionSet": undefined,
                                },
                                Object {
                                  "alias": undefined,
                                  "arguments": Array [],
                                  "directives": Array [],
                                  "kind": "Field",
                                  "name": Object {
                                    "kind": "Name",
                                    "value": "image",
                                  },
                                  "selectionSet": Object {
                                    "kind": "SelectionSet",
                                    "selections": Array [
                                      Object {
                                        "alias": undefined,
                                        "arguments": Array [],
                                        "directives": Array [],
                                        "kind": "Field",
                                        "name": Object {
                                          "kind": "Name",
                                          "value": "url",
                                        },
                                        "selectionSet": undefined,
                                      },
                                    ],
                                  },
                                },
                                Object {
                                  "alias": undefined,
                                  "arguments": Array [],
                                  "directives": Array [],
                                  "kind": "Field",
                                  "name": Object {
                                    "kind": "Name",
                                    "value": "price",
                                  },
                                  "selectionSet": Object {
                                    "kind": "SelectionSet",
                                    "selections": Array [
                                      Object {
                                        "alias": undefined,
                                        "arguments": Array [],
                                        "directives": Array [],
                                        "kind": "Field",
                                        "name": Object {
                                          "kind": "Name",
                                          "value": "price",
                                        },
                                        "selectionSet": undefined,
                                      },
                                      Object {
                                        "alias": Object {
                                          "kind": "Name",
                                          "value": "originalPrice",
                                        },
                                        "arguments": Array [],
                                        "directives": Array [],
                                        "kind": "Field",
                                        "name": Object {
                                          "kind": "Name",
                                          "value": "original_price",
                                        },
                                        "selectionSet": undefined,
                                      },
                                    ],
                                  },
                                },
                                Object {
                                  "alias": Object {
                                    "kind": "Name",
                                    "value": "monthPrice",
                                  },
                                  "arguments": Array [],
                                  "directives": Array [],
                                  "kind": "Field",
                                  "name": Object {
                                    "kind": "Name",
                                    "value": "month_price",
                                  },
                                  "selectionSet": Object {
                                    "kind": "SelectionSet",
                                    "selections": Array [
                                      Object {
                                        "alias": undefined,
                                        "arguments": Array [],
                                        "directives": Array [],
                                        "kind": "Field",
                                        "name": Object {
                                          "kind": "Name",
                                          "value": "price",
                                        },
                                        "selectionSet": undefined,
                                      },
                                      Object {
                                        "alias": Object {
                                          "kind": "Name",
                                          "value": "originalPrice",
                                        },
                                        "arguments": Array [],
                                        "directives": Array [],
                                        "kind": "Field",
                                        "name": Object {
                                          "kind": "Name",
                                          "value": "original_price",
                                        },
                                        "selectionSet": undefined,
                                      },
                                    ],
                                  },
                                },
                                Object {
                                  "alias": undefined,
                                  "arguments": Array [],
                                  "directives": Array [],
                                  "kind": "Field",
                                  "name": Object {
                                    "kind": "Name",
                                    "value": "includes",
                                  },
                                  "selectionSet": Object {
                                    "kind": "SelectionSet",
                                    "selections": Array [
                                      Object {
                                        "alias": undefined,
                                        "arguments": Array [],
                                        "directives": Array [],
                                        "kind": "Field",
                                        "name": Object {
                                          "kind": "Name",
                                          "value": "item",
                                        },
                                        "selectionSet": undefined,
                                      },
                                    ],
                                  },
                                },
                                Object {
                                  "alias": undefined,
                                  "arguments": Array [],
                                  "directives": Array [],
                                  "kind": "Field",
                                  "name": Object {
                                    "kind": "Name",
                                    "value": "accessories",
                                  },
                                  "selectionSet": Object {
                                    "kind": "SelectionSet",
                                    "selections": Array [
                                      Object {
                                        "alias": undefined,
                                        "arguments": Array [],
                                        "directives": Array [],
                                        "kind": "Field",
                                        "name": Object {
                                          "kind": "Name",
                                          "value": "item",
                                        },
                                        "selectionSet": undefined,
                                      },
                                    ],
                                  },
                                },
                                Object {
                                  "alias": undefined,
                                  "arguments": Array [],
                                  "directives": Array [],
                                  "kind": "Field",
                                  "name": Object {
                                    "kind": "Name",
                                    "value": "meta",
                                  },
                                  "selectionSet": Object {
                                    "kind": "SelectionSet",
                                    "selections": Array [
                                      Object {
                                        "alias": undefined,
                                        "arguments": Array [],
                                        "directives": Array [],
                                        "kind": "Field",
                                        "name": Object {
                                          "kind": "Name",
                                          "value": "name",
                                        },
                                        "selectionSet": undefined,
                                      },
                                      Object {
                                        "alias": undefined,
                                        "arguments": Array [],
                                        "directives": Array [],
                                        "kind": "Field",
                                        "name": Object {
                                          "kind": "Name",
                                          "value": "value",
                                        },
                                        "selectionSet": undefined,
                                      },
                                    ],
                                  },
                                },
                                Object {
                                  "alias": undefined,
                                  "arguments": Array [],
                                  "directives": Array [],
                                  "kind": "Field",
                                  "name": Object {
                                    "kind": "Name",
                                    "value": "note",
                                  },
                                  "selectionSet": undefined,
                                },
                                Object {
                                  "alias": undefined,
                                  "arguments": Array [],
                                  "directives": Array [],
                                  "kind": "Field",
                                  "name": Object {
                                    "kind": "Name",
                                    "value": "rating",
                                  },
                                  "selectionSet": Object {
                                    "kind": "SelectionSet",
                                    "selections": Array [
                                      Object {
                                        "alias": Object {
                                          "kind": "Name",
                                          "value": "starRating",
                                        },
                                        "arguments": Array [],
                                        "directives": Array [],
                                        "kind": "Field",
                                        "name": Object {
                                          "kind": "Name",
                                          "value": "star_rating",
                                        },
                                        "selectionSet": undefined,
                                      },
                                      Object {
                                        "alias": Object {
                                          "kind": "Name",
                                          "value": "numberOfReviews",
                                        },
                                        "arguments": Array [],
                                        "directives": Array [],
                                        "kind": "Field",
                                        "name": Object {
                                          "kind": "Name",
                                          "value": "number_of_reviews",
                                        },
                                        "selectionSet": undefined,
                                      },
                                    ],
                                  },
                                },
                                Object {
                                  "alias": undefined,
                                  "arguments": Array [],
                                  "directives": Array [],
                                  "kind": "Field",
                                  "name": Object {
                                    "kind": "Name",
                                    "value": "description",
                                  },
                                  "selectionSet": undefined,
                                },
                                Object {
                                  "alias": undefined,
                                  "arguments": Array [],
                                  "directives": Array [],
                                  "kind": "Field",
                                  "name": Object {
                                    "kind": "Name",
                                    "value": "recommended",
                                  },
                                  "selectionSet": undefined,
                                },
                                Object {
                                  "alias": undefined,
                                  "arguments": Array [],
                                  "directives": Array [],
                                  "kind": "Field",
                                  "name": Object {
                                    "kind": "Name",
                                    "value": "link",
                                  },
                                  "selectionSet": undefined,
                                },
                                Object {
                                  "alias": undefined,
                                  "arguments": Array [],
                                  "directives": Array [],
                                  "kind": "Field",
                                  "name": Object {
                                    "kind": "Name",
                                    "value": "gallery",
                                  },
                                  "selectionSet": Object {
                                    "kind": "SelectionSet",
                                    "selections": Array [
                                      Object {
                                        "alias": undefined,
                                        "arguments": Array [],
                                        "directives": Array [],
                                        "kind": "Field",
                                        "name": Object {
                                          "kind": "Name",
                                          "value": "url",
                                        },
                                        "selectionSet": undefined,
                                      },
                                    ],
                                  },
                                },
                                Object {
                                  "alias": Object {
                                    "kind": "Name",
                                    "value": "smartMeals",
                                  },
                                  "arguments": Array [],
                                  "directives": Array [],
                                  "kind": "Field",
                                  "name": Object {
                                    "kind": "Name",
                                    "value": "smart_meals",
                                  },
                                  "selectionSet": Object {
                                    "kind": "SelectionSet",
                                    "selections": Array [
                                      Object {
                                        "alias": undefined,
                                        "arguments": Array [],
                                        "directives": Array [],
                                        "kind": "Field",
                                        "name": Object {
                                          "kind": "Name",
                                          "value": "status",
                                        },
                                        "selectionSet": undefined,
                                      },
                                      Object {
                                        "alias": Object {
                                          "kind": "Name",
                                          "value": "statusDescription",
                                        },
                                        "arguments": Array [],
                                        "directives": Array [],
                                        "kind": "Field",
                                        "name": Object {
                                          "kind": "Name",
                                          "value": "status_description",
                                        },
                                        "selectionSet": undefined,
                                      },
                                    ],
                                  },
                                },
                              ],
                            },
                          },
                        ],
                      },
                      "variableDefinitions": Array [],
                    },
                  ],
                  "kind": "Document",
                  "loc": Object {
                    "end": 609,
                    "start": 0,
                  },
                },
              },
              "result": Object {
                "data": Object {
                  "shop_page": Object {
                    "products": Array [],
                  },
                },
              },
            },
          ],
          "{\\"query\\":\\"{\\\\n  smartMeals: smartMeal {\\\\n    id\\\\n    title\\\\n    description\\\\n    plans {\\\\n      item\\\\n    }\\\\n    price {\\\\n      price\\\\n      originalPrice: original_price\\\\n    }\\\\n    note\\\\n    gallery {\\\\n      url\\\\n    }\\\\n  }\\\\n}\\\\n\\"}": Array [
            Object {
              "request": Object {
                "query": Object {
                  "definitions": Array [
                    Object {
                      "directives": Array [],
                      "kind": "OperationDefinition",
                      "name": undefined,
                      "operation": "query",
                      "selectionSet": Object {
                        "kind": "SelectionSet",
                        "selections": Array [
                          Object {
                            "alias": Object {
                              "kind": "Name",
                              "value": "smartMeals",
                            },
                            "arguments": Array [],
                            "directives": Array [],
                            "kind": "Field",
                            "name": Object {
                              "kind": "Name",
                              "value": "smartMeal",
                            },
                            "selectionSet": Object {
                              "kind": "SelectionSet",
                              "selections": Array [
                                Object {
                                  "alias": undefined,
                                  "arguments": Array [],
                                  "directives": Array [],
                                  "kind": "Field",
                                  "name": Object {
                                    "kind": "Name",
                                    "value": "id",
                                  },
                                  "selectionSet": undefined,
                                },
                                Object {
                                  "alias": undefined,
                                  "arguments": Array [],
                                  "directives": Array [],
                                  "kind": "Field",
                                  "name": Object {
                                    "kind": "Name",
                                    "value": "title",
                                  },
                                  "selectionSet": undefined,
                                },
                                Object {
                                  "alias": undefined,
                                  "arguments": Array [],
                                  "directives": Array [],
                                  "kind": "Field",
                                  "name": Object {
                                    "kind": "Name",
                                    "value": "description",
                                  },
                                  "selectionSet": undefined,
                                },
                                Object {
                                  "alias": undefined,
                                  "arguments": Array [],
                                  "directives": Array [],
                                  "kind": "Field",
                                  "name": Object {
                                    "kind": "Name",
                                    "value": "plans",
                                  },
                                  "selectionSet": Object {
                                    "kind": "SelectionSet",
                                    "selections": Array [
                                      Object {
                                        "alias": undefined,
                                        "arguments": Array [],
                                        "directives": Array [],
                                        "kind": "Field",
                                        "name": Object {
                                          "kind": "Name",
                                          "value": "item",
                                        },
                                        "selectionSet": undefined,
                                      },
                                    ],
                                  },
                                },
                                Object {
                                  "alias": undefined,
                                  "arguments": Array [],
                                  "directives": Array [],
                                  "kind": "Field",
                                  "name": Object {
                                    "kind": "Name",
                                    "value": "price",
                                  },
                                  "selectionSet": Object {
                                    "kind": "SelectionSet",
                                    "selections": Array [
                                      Object {
                                        "alias": undefined,
                                        "arguments": Array [],
                                        "directives": Array [],
                                        "kind": "Field",
                                        "name": Object {
                                          "kind": "Name",
                                          "value": "price",
                                        },
                                        "selectionSet": undefined,
                                      },
                                      Object {
                                        "alias": Object {
                                          "kind": "Name",
                                          "value": "originalPrice",
                                        },
                                        "arguments": Array [],
                                        "directives": Array [],
                                        "kind": "Field",
                                        "name": Object {
                                          "kind": "Name",
                                          "value": "original_price",
                                        },
                                        "selectionSet": undefined,
                                      },
                                    ],
                                  },
                                },
                                Object {
                                  "alias": undefined,
                                  "arguments": Array [],
                                  "directives": Array [],
                                  "kind": "Field",
                                  "name": Object {
                                    "kind": "Name",
                                    "value": "note",
                                  },
                                  "selectionSet": undefined,
                                },
                                Object {
                                  "alias": undefined,
                                  "arguments": Array [],
                                  "directives": Array [],
                                  "kind": "Field",
                                  "name": Object {
                                    "kind": "Name",
                                    "value": "gallery",
                                  },
                                  "selectionSet": Object {
                                    "kind": "SelectionSet",
                                    "selections": Array [
                                      Object {
                                        "alias": undefined,
                                        "arguments": Array [],
                                        "directives": Array [],
                                        "kind": "Field",
                                        "name": Object {
                                          "kind": "Name",
                                          "value": "url",
                                        },
                                        "selectionSet": undefined,
                                      },
                                    ],
                                  },
                                },
                              ],
                            },
                          },
                        ],
                      },
                      "variableDefinitions": Array [],
                    },
                  ],
                  "kind": "Document",
                  "loc": Object {
                    "end": 224,
                    "start": 0,
                  },
                },
              },
              "result": Object {
                "data": Object {
                  "shop_page": Object {
                    "smartMeals": Object {},
                  },
                },
              },
            },
          ],
        },
      },
      "localState": LocalState {
        "cache": InMemoryCache {
          "addTypename": false,
          "config": Object {
            "addTypename": false,
            "dataIdFromObject": [Function],
            "resultCaching": true,
            "typePolicies": Object {},
          },
          "data": Root {
            "canRead": [Function],
            "data": Object {},
            "getFieldValue": [Function],
            "group": CacheGroup {
              "caching": true,
              "d": [Function],
              "keyMaker": Trie {
                "makeData": [Function],
                "weakness": true,
              },
            },
            "policies": Policies {
              "cache": [Circular],
              "config": Object {
                "cache": [Circular],
                "dataIdFromObject": [Function],
                "possibleTypes": undefined,
                "typePolicies": Object {},
              },
              "fuzzySubtypes": Map {},
              "rootIdsByTypename": Object {
                "Mutation": "ROOT_MUTATION",
                "Query": "ROOT_QUERY",
                "Subscription": "ROOT_SUBSCRIPTION",
              },
              "rootTypenamesById": Object {
                "ROOT_MUTATION": "Mutation",
                "ROOT_QUERY": "Query",
                "ROOT_SUBSCRIPTION": "Subscription",
              },
              "supertypeMap": Map {},
              "toBeAdded": Object {},
              "typePolicies": Object {},
              "usingPossibleTypes": false,
            },
            "refs": Object {},
            "rootIds": Object {},
            "sharedLayerGroup": CacheGroup {
              "caching": true,
              "d": [Function],
              "keyMaker": Trie {
                "makeData": [Function],
                "weakness": true,
              },
            },
            "storageTrie": Trie {
              "makeData": [Function],
              "weakness": true,
            },
            "toReference": [Function],
          },
          "getFragmentDoc": [Function],
          "makeVar": [Function],
          "maybeBroadcastWatch": [Function],
          "optimisticData": Root {
            "canRead": [Function],
            "data": Object {},
            "getFieldValue": [Function],
            "group": CacheGroup {
              "caching": true,
              "d": [Function],
              "keyMaker": Trie {
                "makeData": [Function],
                "weakness": true,
              },
            },
            "policies": Policies {
              "cache": [Circular],
              "config": Object {
                "cache": [Circular],
                "dataIdFromObject": [Function],
                "possibleTypes": undefined,
                "typePolicies": Object {},
              },
              "fuzzySubtypes": Map {},
              "rootIdsByTypename": Object {
                "Mutation": "ROOT_MUTATION",
                "Query": "ROOT_QUERY",
                "Subscription": "ROOT_SUBSCRIPTION",
              },
              "rootTypenamesById": Object {
                "ROOT_MUTATION": "Mutation",
                "ROOT_QUERY": "Query",
                "ROOT_SUBSCRIPTION": "Subscription",
              },
              "supertypeMap": Map {},
              "toBeAdded": Object {},
              "typePolicies": Object {},
              "usingPossibleTypes": false,
            },
            "refs": Object {},
            "rootIds": Object {},
            "sharedLayerGroup": CacheGroup {
              "caching": true,
              "d": [Function],
              "keyMaker": Trie {
                "makeData": [Function],
                "weakness": true,
              },
            },
            "storageTrie": Trie {
              "makeData": [Function],
              "weakness": true,
            },
            "toReference": [Function],
          },
          "policies": Policies {
            "cache": [Circular],
            "config": Object {
              "cache": [Circular],
              "dataIdFromObject": [Function],
              "possibleTypes": undefined,
              "typePolicies": Object {},
            },
            "fuzzySubtypes": Map {},
            "rootIdsByTypename": Object {
              "Mutation": "ROOT_MUTATION",
              "Query": "ROOT_QUERY",
              "Subscription": "ROOT_SUBSCRIPTION",
            },
            "rootTypenamesById": Object {
              "ROOT_MUTATION": "Mutation",
              "ROOT_QUERY": "Query",
              "ROOT_SUBSCRIPTION": "Subscription",
            },
            "supertypeMap": Map {},
            "toBeAdded": Object {},
            "typePolicies": Object {},
            "usingPossibleTypes": false,
          },
          "storeReader": StoreReader {
            "config": Object {
              "addTypename": false,
              "cache": [Circular],
            },
            "executeSelectionSet": [Function],
            "executeSubSelectedArray": [Function],
            "knownResults": WeakMap {},
          },
          "storeWriter": StoreWriter {
            "cache": [Circular],
            "reader": StoreReader {
              "config": Object {
                "addTypename": false,
                "cache": [Circular],
              },
              "executeSelectionSet": [Function],
              "executeSubSelectedArray": [Function],
              "knownResults": WeakMap {},
            },
          },
          "txCount": 0,
          "typenameDocumentCache": Map {},
          "watchDep": [Function],
          "watches": Set {},
        },
        "client": [Circular],
      },
      "mutate": [Function],
      "query": [Function],
      "queryDeduplication": true,
      "queryManager": QueryManager {
        "assumeImmutableResults": false,
        "cache": InMemoryCache {
          "addTypename": false,
          "config": Object {
            "addTypename": false,
            "dataIdFromObject": [Function],
            "resultCaching": true,
            "typePolicies": Object {},
          },
          "data": Root {
            "canRead": [Function],
            "data": Object {},
            "getFieldValue": [Function],
            "group": CacheGroup {
              "caching": true,
              "d": [Function],
              "keyMaker": Trie {
                "makeData": [Function],
                "weakness": true,
              },
            },
            "policies": Policies {
              "cache": [Circular],
              "config": Object {
                "cache": [Circular],
                "dataIdFromObject": [Function],
                "possibleTypes": undefined,
                "typePolicies": Object {},
              },
              "fuzzySubtypes": Map {},
              "rootIdsByTypename": Object {
                "Mutation": "ROOT_MUTATION",
                "Query": "ROOT_QUERY",
                "Subscription": "ROOT_SUBSCRIPTION",
              },
              "rootTypenamesById": Object {
                "ROOT_MUTATION": "Mutation",
                "ROOT_QUERY": "Query",
                "ROOT_SUBSCRIPTION": "Subscription",
              },
              "supertypeMap": Map {},
              "toBeAdded": Object {},
              "typePolicies": Object {},
              "usingPossibleTypes": false,
            },
            "refs": Object {},
            "rootIds": Object {},
            "sharedLayerGroup": CacheGroup {
              "caching": true,
              "d": [Function],
              "keyMaker": Trie {
                "makeData": [Function],
                "weakness": true,
              },
            },
            "storageTrie": Trie {
              "makeData": [Function],
              "weakness": true,
            },
            "toReference": [Function],
          },
          "getFragmentDoc": [Function],
          "makeVar": [Function],
          "maybeBroadcastWatch": [Function],
          "optimisticData": Root {
            "canRead": [Function],
            "data": Object {},
            "getFieldValue": [Function],
            "group": CacheGroup {
              "caching": true,
              "d": [Function],
              "keyMaker": Trie {
                "makeData": [Function],
                "weakness": true,
              },
            },
            "policies": Policies {
              "cache": [Circular],
              "config": Object {
                "cache": [Circular],
                "dataIdFromObject": [Function],
                "possibleTypes": undefined,
                "typePolicies": Object {},
              },
              "fuzzySubtypes": Map {},
              "rootIdsByTypename": Object {
                "Mutation": "ROOT_MUTATION",
                "Query": "ROOT_QUERY",
                "Subscription": "ROOT_SUBSCRIPTION",
              },
              "rootTypenamesById": Object {
                "ROOT_MUTATION": "Mutation",
                "ROOT_QUERY": "Query",
                "ROOT_SUBSCRIPTION": "Subscription",
              },
              "supertypeMap": Map {},
              "toBeAdded": Object {},
              "typePolicies": Object {},
              "usingPossibleTypes": false,
            },
            "refs": Object {},
            "rootIds": Object {},
            "sharedLayerGroup": CacheGroup {
              "caching": true,
              "d": [Function],
              "keyMaker": Trie {
                "makeData": [Function],
                "weakness": true,
              },
            },
            "storageTrie": Trie {
              "makeData": [Function],
              "weakness": true,
            },
            "toReference": [Function],
          },
          "policies": Policies {
            "cache": [Circular],
            "config": Object {
              "cache": [Circular],
              "dataIdFromObject": [Function],
              "possibleTypes": undefined,
              "typePolicies": Object {},
            },
            "fuzzySubtypes": Map {},
            "rootIdsByTypename": Object {
              "Mutation": "ROOT_MUTATION",
              "Query": "ROOT_QUERY",
              "Subscription": "ROOT_SUBSCRIPTION",
            },
            "rootTypenamesById": Object {
              "ROOT_MUTATION": "Mutation",
              "ROOT_QUERY": "Query",
              "ROOT_SUBSCRIPTION": "Subscription",
            },
            "supertypeMap": Map {},
            "toBeAdded": Object {},
            "typePolicies": Object {},
            "usingPossibleTypes": false,
          },
          "storeReader": StoreReader {
            "config": Object {
              "addTypename": false,
              "cache": [Circular],
            },
            "executeSelectionSet": [Function],
            "executeSubSelectedArray": [Function],
            "knownResults": WeakMap {},
          },
          "storeWriter": StoreWriter {
            "cache": [Circular],
            "reader": StoreReader {
              "config": Object {
                "addTypename": false,
                "cache": [Circular],
              },
              "executeSelectionSet": [Function],
              "executeSubSelectedArray": [Function],
              "knownResults": WeakMap {},
            },
          },
          "txCount": 0,
          "typenameDocumentCache": Map {},
          "watchDep": [Function],
          "watches": Set {},
        },
        "clientAwareness": Object {
          "name": undefined,
          "version": undefined,
        },
        "fetchCancelFns": Map {},
        "inFlightLinkObservables": Map {},
        "link": MockLink {
          "addTypename": false,
          "mockedResponsesByKey": Object {
            "{\\"query\\":\\"{\\\\n  products {\\\\n    id\\\\n    title\\\\n    image {\\\\n      url\\\\n    }\\\\n    price {\\\\n      price\\\\n      originalPrice: original_price\\\\n    }\\\\n    monthPrice: month_price {\\\\n      price\\\\n      originalPrice: original_price\\\\n    }\\\\n    includes {\\\\n      item\\\\n    }\\\\n    accessories {\\\\n      item\\\\n    }\\\\n    meta {\\\\n      name\\\\n      value\\\\n    }\\\\n    note\\\\n    rating {\\\\n      starRating: star_rating\\\\n      numberOfReviews: number_of_reviews\\\\n    }\\\\n    description\\\\n    recommended\\\\n    link\\\\n    gallery {\\\\n      url\\\\n    }\\\\n    smartMeals: smart_meals {\\\\n      status\\\\n      statusDescription: status_description\\\\n    }\\\\n  }\\\\n}\\\\n\\"}": Array [
              Object {
                "request": Object {
                  "query": Object {
                    "definitions": Array [
                      Object {
                        "directives": Array [],
                        "kind": "OperationDefinition",
                        "name": undefined,
                        "operation": "query",
                        "selectionSet": Object {
                          "kind": "SelectionSet",
                          "selections": Array [
                            Object {
                              "alias": undefined,
                              "arguments": Array [],
                              "directives": Array [],
                              "kind": "Field",
                              "name": Object {
                                "kind": "Name",
                                "value": "products",
                              },
                              "selectionSet": Object {
                                "kind": "SelectionSet",
                                "selections": Array [
                                  Object {
                                    "alias": undefined,
                                    "arguments": Array [],
                                    "directives": Array [],
                                    "kind": "Field",
                                    "name": Object {
                                      "kind": "Name",
                                      "value": "id",
                                    },
                                    "selectionSet": undefined,
                                  },
                                  Object {
                                    "alias": undefined,
                                    "arguments": Array [],
                                    "directives": Array [],
                                    "kind": "Field",
                                    "name": Object {
                                      "kind": "Name",
                                      "value": "title",
                                    },
                                    "selectionSet": undefined,
                                  },
                                  Object {
                                    "alias": undefined,
                                    "arguments": Array [],
                                    "directives": Array [],
                                    "kind": "Field",
                                    "name": Object {
                                      "kind": "Name",
                                      "value": "image",
                                    },
                                    "selectionSet": Object {
                                      "kind": "SelectionSet",
                                      "selections": Array [
                                        Object {
                                          "alias": undefined,
                                          "arguments": Array [],
                                          "directives": Array [],
                                          "kind": "Field",
                                          "name": Object {
                                            "kind": "Name",
                                            "value": "url",
                                          },
                                          "selectionSet": undefined,
                                        },
                                      ],
                                    },
                                  },
                                  Object {
                                    "alias": undefined,
                                    "arguments": Array [],
                                    "directives": Array [],
                                    "kind": "Field",
                                    "name": Object {
                                      "kind": "Name",
                                      "value": "price",
                                    },
                                    "selectionSet": Object {
                                      "kind": "SelectionSet",
                                      "selections": Array [
                                        Object {
                                          "alias": undefined,
                                          "arguments": Array [],
                                          "directives": Array [],
                                          "kind": "Field",
                                          "name": Object {
                                            "kind": "Name",
                                            "value": "price",
                                          },
                                          "selectionSet": undefined,
                                        },
                                        Object {
                                          "alias": Object {
                                            "kind": "Name",
                                            "value": "originalPrice",
                                          },
                                          "arguments": Array [],
                                          "directives": Array [],
                                          "kind": "Field",
                                          "name": Object {
                                            "kind": "Name",
                                            "value": "original_price",
                                          },
                                          "selectionSet": undefined,
                                        },
                                      ],
                                    },
                                  },
                                  Object {
                                    "alias": Object {
                                      "kind": "Name",
                                      "value": "monthPrice",
                                    },
                                    "arguments": Array [],
                                    "directives": Array [],
                                    "kind": "Field",
                                    "name": Object {
                                      "kind": "Name",
                                      "value": "month_price",
                                    },
                                    "selectionSet": Object {
                                      "kind": "SelectionSet",
                                      "selections": Array [
                                        Object {
                                          "alias": undefined,
                                          "arguments": Array [],
                                          "directives": Array [],
                                          "kind": "Field",
                                          "name": Object {
                                            "kind": "Name",
                                            "value": "price",
                                          },
                                          "selectionSet": undefined,
                                        },
                                        Object {
                                          "alias": Object {
                                            "kind": "Name",
                                            "value": "originalPrice",
                                          },
                                          "arguments": Array [],
                                          "directives": Array [],
                                          "kind": "Field",
                                          "name": Object {
                                            "kind": "Name",
                                            "value": "original_price",
                                          },
                                          "selectionSet": undefined,
                                        },
                                      ],
                                    },
                                  },
                                  Object {
                                    "alias": undefined,
                                    "arguments": Array [],
                                    "directives": Array [],
                                    "kind": "Field",
                                    "name": Object {
                                      "kind": "Name",
                                      "value": "includes",
                                    },
                                    "selectionSet": Object {
                                      "kind": "SelectionSet",
                                      "selections": Array [
                                        Object {
                                          "alias": undefined,
                                          "arguments": Array [],
                                          "directives": Array [],
                                          "kind": "Field",
                                          "name": Object {
                                            "kind": "Name",
                                            "value": "item",
                                          },
                                          "selectionSet": undefined,
                                        },
                                      ],
                                    },
                                  },
                                  Object {
                                    "alias": undefined,
                                    "arguments": Array [],
                                    "directives": Array [],
                                    "kind": "Field",
                                    "name": Object {
                                      "kind": "Name",
                                      "value": "accessories",
                                    },
                                    "selectionSet": Object {
                                      "kind": "SelectionSet",
                                      "selections": Array [
                                        Object {
                                          "alias": undefined,
                                          "arguments": Array [],
                                          "directives": Array [],
                                          "kind": "Field",
                                          "name": Object {
                                            "kind": "Name",
                                            "value": "item",
                                          },
                                          "selectionSet": undefined,
                                        },
                                      ],
                                    },
                                  },
                                  Object {
                                    "alias": undefined,
                                    "arguments": Array [],
                                    "directives": Array [],
                                    "kind": "Field",
                                    "name": Object {
                                      "kind": "Name",
                                      "value": "meta",
                                    },
                                    "selectionSet": Object {
                                      "kind": "SelectionSet",
                                      "selections": Array [
                                        Object {
                                          "alias": undefined,
                                          "arguments": Array [],
                                          "directives": Array [],
                                          "kind": "Field",
                                          "name": Object {
                                            "kind": "Name",
                                            "value": "name",
                                          },
                                          "selectionSet": undefined,
                                        },
                                        Object {
                                          "alias": undefined,
                                          "arguments": Array [],
                                          "directives": Array [],
                                          "kind": "Field",
                                          "name": Object {
                                            "kind": "Name",
                                            "value": "value",
                                          },
                                          "selectionSet": undefined,
                                        },
                                      ],
                                    },
                                  },
                                  Object {
                                    "alias": undefined,
                                    "arguments": Array [],
                                    "directives": Array [],
                                    "kind": "Field",
                                    "name": Object {
                                      "kind": "Name",
                                      "value": "note",
                                    },
                                    "selectionSet": undefined,
                                  },
                                  Object {
                                    "alias": undefined,
                                    "arguments": Array [],
                                    "directives": Array [],
                                    "kind": "Field",
                                    "name": Object {
                                      "kind": "Name",
                                      "value": "rating",
                                    },
                                    "selectionSet": Object {
                                      "kind": "SelectionSet",
                                      "selections": Array [
                                        Object {
                                          "alias": Object {
                                            "kind": "Name",
                                            "value": "starRating",
                                          },
                                          "arguments": Array [],
                                          "directives": Array [],
                                          "kind": "Field",
                                          "name": Object {
                                            "kind": "Name",
                                            "value": "star_rating",
                                          },
                                          "selectionSet": undefined,
                                        },
                                        Object {
                                          "alias": Object {
                                            "kind": "Name",
                                            "value": "numberOfReviews",
                                          },
                                          "arguments": Array [],
                                          "directives": Array [],
                                          "kind": "Field",
                                          "name": Object {
                                            "kind": "Name",
                                            "value": "number_of_reviews",
                                          },
                                          "selectionSet": undefined,
                                        },
                                      ],
                                    },
                                  },
                                  Object {
                                    "alias": undefined,
                                    "arguments": Array [],
                                    "directives": Array [],
                                    "kind": "Field",
                                    "name": Object {
                                      "kind": "Name",
                                      "value": "description",
                                    },
                                    "selectionSet": undefined,
                                  },
                                  Object {
                                    "alias": undefined,
                                    "arguments": Array [],
                                    "directives": Array [],
                                    "kind": "Field",
                                    "name": Object {
                                      "kind": "Name",
                                      "value": "recommended",
                                    },
                                    "selectionSet": undefined,
                                  },
                                  Object {
                                    "alias": undefined,
                                    "arguments": Array [],
                                    "directives": Array [],
                                    "kind": "Field",
                                    "name": Object {
                                      "kind": "Name",
                                      "value": "link",
                                    },
                                    "selectionSet": undefined,
                                  },
                                  Object {
                                    "alias": undefined,
                                    "arguments": Array [],
                                    "directives": Array [],
                                    "kind": "Field",
                                    "name": Object {
                                      "kind": "Name",
                                      "value": "gallery",
                                    },
                                    "selectionSet": Object {
                                      "kind": "SelectionSet",
                                      "selections": Array [
                                        Object {
                                          "alias": undefined,
                                          "arguments": Array [],
                                          "directives": Array [],
                                          "kind": "Field",
                                          "name": Object {
                                            "kind": "Name",
                                            "value": "url",
                                          },
                                          "selectionSet": undefined,
                                        },
                                      ],
                                    },
                                  },
                                  Object {
                                    "alias": Object {
                                      "kind": "Name",
                                      "value": "smartMeals",
                                    },
                                    "arguments": Array [],
                                    "directives": Array [],
                                    "kind": "Field",
                                    "name": Object {
                                      "kind": "Name",
                                      "value": "smart_meals",
                                    },
                                    "selectionSet": Object {
                                      "kind": "SelectionSet",
                                      "selections": Array [
                                        Object {
                                          "alias": undefined,
                                          "arguments": Array [],
                                          "directives": Array [],
                                          "kind": "Field",
                                          "name": Object {
                                            "kind": "Name",
                                            "value": "status",
                                          },
                                          "selectionSet": undefined,
                                        },
                                        Object {
                                          "alias": Object {
                                            "kind": "Name",
                                            "value": "statusDescription",
                                          },
                                          "arguments": Array [],
                                          "directives": Array [],
                                          "kind": "Field",
                                          "name": Object {
                                            "kind": "Name",
                                            "value": "status_description",
                                          },
                                          "selectionSet": undefined,
                                        },
                                      ],
                                    },
                                  },
                                ],
                              },
                            },
                          ],
                        },
                        "variableDefinitions": Array [],
                      },
                    ],
                    "kind": "Document",
                    "loc": Object {
                      "end": 609,
                      "start": 0,
                    },
                  },
                },
                "result": Object {
                  "data": Object {
                    "shop_page": Object {
                      "products": Array [],
                    },
                  },
                },
              },
            ],
            "{\\"query\\":\\"{\\\\n  smartMeals: smartMeal {\\\\n    id\\\\n    title\\\\n    description\\\\n    plans {\\\\n      item\\\\n    }\\\\n    price {\\\\n      price\\\\n      originalPrice: original_price\\\\n    }\\\\n    note\\\\n    gallery {\\\\n      url\\\\n    }\\\\n  }\\\\n}\\\\n\\"}": Array [
              Object {
                "request": Object {
                  "query": Object {
                    "definitions": Array [
                      Object {
                        "directives": Array [],
                        "kind": "OperationDefinition",
                        "name": undefined,
                        "operation": "query",
                        "selectionSet": Object {
                          "kind": "SelectionSet",
                          "selections": Array [
                            Object {
                              "alias": Object {
                                "kind": "Name",
                                "value": "smartMeals",
                              },
                              "arguments": Array [],
                              "directives": Array [],
                              "kind": "Field",
                              "name": Object {
                                "kind": "Name",
                                "value": "smartMeal",
                              },
                              "selectionSet": Object {
                                "kind": "SelectionSet",
                                "selections": Array [
                                  Object {
                                    "alias": undefined,
                                    "arguments": Array [],
                                    "directives": Array [],
                                    "kind": "Field",
                                    "name": Object {
                                      "kind": "Name",
                                      "value": "id",
                                    },
                                    "selectionSet": undefined,
                                  },
                                  Object {
                                    "alias": undefined,
                                    "arguments": Array [],
                                    "directives": Array [],
                                    "kind": "Field",
                                    "name": Object {
                                      "kind": "Name",
                                      "value": "title",
                                    },
                                    "selectionSet": undefined,
                                  },
                                  Object {
                                    "alias": undefined,
                                    "arguments": Array [],
                                    "directives": Array [],
                                    "kind": "Field",
                                    "name": Object {
                                      "kind": "Name",
                                      "value": "description",
                                    },
                                    "selectionSet": undefined,
                                  },
                                  Object {
                                    "alias": undefined,
                                    "arguments": Array [],
                                    "directives": Array [],
                                    "kind": "Field",
                                    "name": Object {
                                      "kind": "Name",
                                      "value": "plans",
                                    },
                                    "selectionSet": Object {
                                      "kind": "SelectionSet",
                                      "selections": Array [
                                        Object {
                                          "alias": undefined,
                                          "arguments": Array [],
                                          "directives": Array [],
                                          "kind": "Field",
                                          "name": Object {
                                            "kind": "Name",
                                            "value": "item",
                                          },
                                          "selectionSet": undefined,
                                        },
                                      ],
                                    },
                                  },
                                  Object {
                                    "alias": undefined,
                                    "arguments": Array [],
                                    "directives": Array [],
                                    "kind": "Field",
                                    "name": Object {
                                      "kind": "Name",
                                      "value": "price",
                                    },
                                    "selectionSet": Object {
                                      "kind": "SelectionSet",
                                      "selections": Array [
                                        Object {
                                          "alias": undefined,
                                          "arguments": Array [],
                                          "directives": Array [],
                                          "kind": "Field",
                                          "name": Object {
                                            "kind": "Name",
                                            "value": "price",
                                          },
                                          "selectionSet": undefined,
                                        },
                                        Object {
                                          "alias": Object {
                                            "kind": "Name",
                                            "value": "originalPrice",
                                          },
                                          "arguments": Array [],
                                          "directives": Array [],
                                          "kind": "Field",
                                          "name": Object {
                                            "kind": "Name",
                                            "value": "original_price",
                                          },
                                          "selectionSet": undefined,
                                        },
                                      ],
                                    },
                                  },
                                  Object {
                                    "alias": undefined,
                                    "arguments": Array [],
                                    "directives": Array [],
                                    "kind": "Field",
                                    "name": Object {
                                      "kind": "Name",
                                      "value": "note",
                                    },
                                    "selectionSet": undefined,
                                  },
                                  Object {
                                    "alias": undefined,
                                    "arguments": Array [],
                                    "directives": Array [],
                                    "kind": "Field",
                                    "name": Object {
                                      "kind": "Name",
                                      "value": "gallery",
                                    },
                                    "selectionSet": Object {
                                      "kind": "SelectionSet",
                                      "selections": Array [
                                        Object {
                                          "alias": undefined,
                                          "arguments": Array [],
                                          "directives": Array [],
                                          "kind": "Field",
                                          "name": Object {
                                            "kind": "Name",
                                            "value": "url",
                                          },
                                          "selectionSet": undefined,
                                        },
                                      ],
                                    },
                                  },
                                ],
                              },
                            },
                          ],
                        },
                        "variableDefinitions": Array [],
                      },
                    ],
                    "kind": "Document",
                    "loc": Object {
                      "end": 224,
                      "start": 0,
                    },
                  },
                },
                "result": Object {
                  "data": Object {
                    "shop_page": Object {
                      "smartMeals": Object {},
                    },
                  },
                },
              },
            ],
          },
        },
        "localState": LocalState {
          "cache": InMemoryCache {
            "addTypename": false,
            "config": Object {
              "addTypename": false,
              "dataIdFromObject": [Function],
              "resultCaching": true,
              "typePolicies": Object {},
            },
            "data": Root {
              "canRead": [Function],
              "data": Object {},
              "getFieldValue": [Function],
              "group": CacheGroup {
                "caching": true,
                "d": [Function],
                "keyMaker": Trie {
                  "makeData": [Function],
                  "weakness": true,
                },
              },
              "policies": Policies {
                "cache": [Circular],
                "config": Object {
                  "cache": [Circular],
                  "dataIdFromObject": [Function],
                  "possibleTypes": undefined,
                  "typePolicies": Object {},
                },
                "fuzzySubtypes": Map {},
                "rootIdsByTypename": Object {
                  "Mutation": "ROOT_MUTATION",
                  "Query": "ROOT_QUERY",
                  "Subscription": "ROOT_SUBSCRIPTION",
                },
                "rootTypenamesById": Object {
                  "ROOT_MUTATION": "Mutation",
                  "ROOT_QUERY": "Query",
                  "ROOT_SUBSCRIPTION": "Subscription",
                },
                "supertypeMap": Map {},
                "toBeAdded": Object {},
                "typePolicies": Object {},
                "usingPossibleTypes": false,
              },
              "refs": Object {},
              "rootIds": Object {},
              "sharedLayerGroup": CacheGroup {
                "caching": true,
                "d": [Function],
                "keyMaker": Trie {
                  "makeData": [Function],
                  "weakness": true,
                },
              },
              "storageTrie": Trie {
                "makeData": [Function],
                "weakness": true,
              },
              "toReference": [Function],
            },
            "getFragmentDoc": [Function],
            "makeVar": [Function],
            "maybeBroadcastWatch": [Function],
            "optimisticData": Root {
              "canRead": [Function],
              "data": Object {},
              "getFieldValue": [Function],
              "group": CacheGroup {
                "caching": true,
                "d": [Function],
                "keyMaker": Trie {
                  "makeData": [Function],
                  "weakness": true,
                },
              },
              "policies": Policies {
                "cache": [Circular],
                "config": Object {
                  "cache": [Circular],
                  "dataIdFromObject": [Function],
                  "possibleTypes": undefined,
                  "typePolicies": Object {},
                },
                "fuzzySubtypes": Map {},
                "rootIdsByTypename": Object {
                  "Mutation": "ROOT_MUTATION",
                  "Query": "ROOT_QUERY",
                  "Subscription": "ROOT_SUBSCRIPTION",
                },
                "rootTypenamesById": Object {
                  "ROOT_MUTATION": "Mutation",
                  "ROOT_QUERY": "Query",
                  "ROOT_SUBSCRIPTION": "Subscription",
                },
                "supertypeMap": Map {},
                "toBeAdded": Object {},
                "typePolicies": Object {},
                "usingPossibleTypes": false,
              },
              "refs": Object {},
              "rootIds": Object {},
              "sharedLayerGroup": CacheGroup {
                "caching": true,
                "d": [Function],
                "keyMaker": Trie {
                  "makeData": [Function],
                  "weakness": true,
                },
              },
              "storageTrie": Trie {
                "makeData": [Function],
                "weakness": true,
              },
              "toReference": [Function],
            },
            "policies": Policies {
              "cache": [Circular],
              "config": Object {
                "cache": [Circular],
                "dataIdFromObject": [Function],
                "possibleTypes": undefined,
                "typePolicies": Object {},
              },
              "fuzzySubtypes": Map {},
              "rootIdsByTypename": Object {
                "Mutation": "ROOT_MUTATION",
                "Query": "ROOT_QUERY",
                "Subscription": "ROOT_SUBSCRIPTION",
              },
              "rootTypenamesById": Object {
                "ROOT_MUTATION": "Mutation",
                "ROOT_QUERY": "Query",
                "ROOT_SUBSCRIPTION": "Subscription",
              },
              "supertypeMap": Map {},
              "toBeAdded": Object {},
              "typePolicies": Object {},
              "usingPossibleTypes": false,
            },
            "storeReader": StoreReader {
              "config": Object {
                "addTypename": false,
                "cache": [Circular],
              },
              "executeSelectionSet": [Function],
              "executeSubSelectedArray": [Function],
              "knownResults": WeakMap {},
            },
            "storeWriter": StoreWriter {
              "cache": [Circular],
              "reader": StoreReader {
                "config": Object {
                  "addTypename": false,
                  "cache": [Circular],
                },
                "executeSelectionSet": [Function],
                "executeSubSelectedArray": [Function],
                "knownResults": WeakMap {},
              },
            },
            "txCount": 0,
            "typenameDocumentCache": Map {},
            "watchDep": [Function],
            "watches": Set {},
          },
          "client": [Circular],
        },
        "mutationIdCounter": 1,
        "mutationStore": Object {},
        "onBroadcast": [Function],
        "queries": Map {},
        "queryDeduplication": true,
        "queryIdCounter": 1,
        "requestIdCounter": 1,
        "ssrMode": false,
        "transformCache": WeakMap {},
      },
      "reFetchObservableQueries": [Function],
      "resetStore": [Function],
      "resetStoreCallbacks": Array [],
      "typeDefs": undefined,
      "version": "3.3.11",
      "watchQuery": [Function],
    }
  }
>
  <ShopFirstSection />
</ApolloProvider>
`;
