// Jest Snapshot v1, https://goo.gl/fbAQLP

exports[`<HomeStarchCookerFunctionsSection /> should renders correct <HomeStarchCookerFunctionsSection /> 1`] = `
<section
  className="relative pb-5 text-center"
  style={
    Object {
      "backgroundColor": "#ebebeb",
    }
  }
>
  <div
    className="bg-center bg-repeat bg-cover"
    style={
      Object {
        "backgroundImage": "linear-gradient(0deg, #EBEBEB 14%, rgba(235, 235, 235, 0.1) 42%), url(/images/home-page/home-starch-cooker-functions-section-background.jpg)",
        "height": "43.75rem",
      }
    }
  />
  <Container
    className="-mt-20"
    role="presentation"
    style={
      Object {
        "maxWidth": "61.25rem",
      }
    }
  >
    <Image
      height="75"
      src="/images/suvie-starch-cooker-icon.svg"
      width="75"
    />
    <SectionTitle
      className="mb-3"
    >
      <span
        aria-label="presentation"
        className="block mb-2"
        style={
          Object {
            "fontSize": "1.5rem",
          }
        }
      >
        Suvie 
        <strong>
          Starch Cooker
        </strong>
      </span>
      In sync with your magical robot.
    </SectionTitle>
    <Badge
      className="mb-9"
      theme="light--transparent"
    >
      Optional Add-On
    </Badge>
  </Container>
  <Wave
    colorHex="#ebebeb"
    position="bottom"
  />
</section>
`;
