// Jest Snapshot v1, https://goo.gl/fbAQLP

exports[`<Paragraphs /> should renders correct <Paragraphs /> 1`] = `
<Fragment>
  <p
    className="mb-2 last:mb-0"
    key="0"
  >
    Test children 1 
  </p>
  <p
    className="mb-2 last:mb-0"
    key="1"
  >
     Test children 2
  </p>
</Fragment>
`;
