// Jest Snapshot v1, https://goo.gl/fbAQLP

exports[`<ShopTemplate /> should renders correct <ShopTemplate /> 1`] = `
<main>
  <FeaturesBanner
    features={
      Array [
        Object {
          "image": Object {
            "height": 40,
            "url": "/images/affirm-logo.svg",
            "width": 40,
          },
          "title": "Pay as low as $33/ month",
        },
        Object {
          "image": Object {
            "height": 40,
            "url": "/images/100-day-home-trial-risk-free.svg",
            "width": 40,
          },
          "link": "/free-trial/",
          "title": "100-day home trial, risk-free",
        },
        Object {
          "image": Object {
            "height": 30,
            "url": "/images/logo-seal-black.svg",
            "width": 30,
          },
          "title": "1 Year Warranty",
        },
      ]
    }
  />
  <ShopFirstSection />
  <ShopSecondSection />
  <ShopThirdSection />
  <RobotTechnicalSpecs
    className="pt-20 bg-quaternary pb-11 md:pb-15"
  />
  <ShopFifthSection />
  <ShopSixthSection />
</main>
`;
