// Jest Snapshot v1, https://goo.gl/fbAQLP

exports[`<CountdownItemValue /> should renders correct <CountdownItemValue /> 1`] = `
<div
  className="mb-1 font-serif font-normal tracking-tighter text-primary-default"
  style={
    Object {
      "fontSize": "1.75rem",
    }
  }
>
  Test children
</div>
`;
